Processing esp32dev (platform: espressif32; board: esp32dev; framework: arduino)
--------------------------------------------------------------------------------
Verbose mode can be enabled via `-v, --verbose` option
CONFIGURATION: https://docs.platformio.org/page/boards/espressif32/esp32dev.html
PLATFORM: Espressif 32 (6.13.0) > Espressif ESP32 Dev Module
HARDWARE: ESP32 240MHz, 320KB RAM, 4MB Flash
DEBUG: Current (cmsis-dap) External (cmsis-dap, esp-bridge, esp-prog, iot-bus-jtag, jlink, minimodule, olimex-arm-usb-ocd, olimex-arm-usb-ocd-h, olimex-arm-usb-tiny-h, olimex-jtag-tiny, tumpa)
PACKAGES: 
 - framework-arduinoespressif32 @ 3.20017.241212+sha.dcc1105b 
 - tool-esptoolpy @ 2.41100.0 (4.11.0) 
 - toolchain-xtensa-esp32 @ 8.4.0+2021r2-patch5
LDF: Library Dependency Finder -> https://bit.ly/configure-pio-ldf
LDF Modes: Finder ~ chain, Compatibility ~ soft
Found 33 compatible libraries
Scanning dependencies...
Dependency Graph
|-- Preferences @ 2.0.0
Building in release mode
Compiling .pio\build\esp32dev\src\Esp32Telemetry.cpp.o
Compiling .pio\build\esp32dev\src\GaitMetrics.cpp.o
Compiling .pio\build\esp32dev\src\NextionBridge.cpp.o
Compiling .pio\build\esp32dev\src\NextionController.cpp.o
Compiling .pio\build\esp32dev\src\NextionDisplay.cpp.o
Compiling .pio\build\esp32dev\src\TensDriver.cpp.o
Compiling .pio\build\esp32dev\src\main.cpp.o
Compiling .pio\build\esp32dev\FrameworkArduino\Tone.cpp.o
Compiling .pio\build\esp32dev\FrameworkArduino\USB.cpp.o
Compiling .pio\build\esp32dev\FrameworkArduino\USBCDC.cpp.o
Compiling .pio\build\esp32dev\FrameworkArduino\USBMSC.cpp.o
Compiling .pio\build\esp32dev\FrameworkArduino\WMath.cpp.o
Compiling .pio\build\esp32dev\FrameworkArduino\WString.cpp.o
Compiling .pio\build\esp32dev\FrameworkArduino\base64.cpp.o
Compiling .pio\build\esp32dev\FrameworkArduino\cbuf.cpp.o
Compiling .pio\build\esp32dev\FrameworkArduino\esp32-hal-adc.c.o
Compiling .pio\build\esp32dev\FrameworkArduino\esp32-hal-bt.c.o
C:\Users\almon\.platformio\penv\Scripts\platformio.exe : In file included from 
src/GaitMetrics.cpp:1:
At line:1 char:1
+ C:\Users\almon\.platformio\penv\Scripts\platformio.exe run 2>&1 | tee ...
+ ~~~~~~~~~~~~~~~~~~~~~~~~~~~~~~~~~~~~~~~~~~~~~~~~~~~~~~~~~~~~~~~
    + CategoryInfo          : NotSpecified: (In file include...tMetrics.cpp:1: 
   :String) [], RemoteException
    + FullyQualifiedErrorId : NativeCommandError
 
include/GaitMetrics.h:21:10: fatal error: EmgChannel.h: No such file or 
directory

********************************************************************
* Looking for EmgChannel.h dependency? Check our library registry!
*
* CLI  > platformio lib search "header:EmgChannel.h"
* Web  > https://registry.platformio.org/search?q=header:EmgChannel.h
*
********************************************************************

 #include "EmgChannel.h"
          ^~~~~~~~~~~~~~
compilation terminated.
*** [.pio\build\esp32dev\src\GaitMetrics.cpp.o] Error 1
In file included from include/Esp32Telemetry.h:14,
                 from src/Esp32Telemetry.cpp:1:
include/HmiConfig.h: In function 'constexpr const hmi::TelemetryBinding* 
hmi::findBinding(const char*)':
include/HmiConfig.h:243:1: error: body of 'constexpr' function 'constexpr 
const hmi::TelemetryBinding* hmi::findBinding(const char*)' not a 
return-statement
 }
 ^
In file included from src/main.cpp:26:
include/GaitMetrics.h:21:10: fatal error: EmgChannel.h: No such file or 
directory

********************************************************************
* Looking for EmgChannel.h dependency? Check our library registry!
*
* CLI  > platformio lib search "header:EmgChannel.h"
* Web  > https://registry.platformio.org/search?q=header:EmgChannel.h
*
********************************************************************

 #include "EmgChannel.h"
          ^~~~~~~~~~~~~~
compilation terminated.
*** [.pio\build\esp32dev\src\main.cpp.o] Error 1
*** [.pio\build\esp32dev\src\Esp32Telemetry.cpp.o] Error 1
In file included from include/NextionDisplay.h:12,
                 from src/NextionDisplay.cpp:1:
include/HmiConfig.h: In function 'constexpr const hmi::TelemetryBinding* 
hmi::findBinding(const char*)':
include/HmiConfig.h:243:1: error: body of 'constexpr' function 'constexpr 
const hmi::TelemetryBinding* hmi::findBinding(const char*)' not a 
return-statement
 }
 ^
In file included from include/NextionController.h:11,
                 from src/NextionController.cpp:1:
include/HmiConfig.h: In function 'constexpr const hmi::TelemetryBinding* 
hmi::findBinding(const char*)':
include/HmiConfig.h:243:1: error: body of 'constexpr' function 'constexpr 
const hmi::TelemetryBinding* hmi::findBinding(const char*)' not a 
return-statement
 }
 ^
In file included from include/NextionController.h:11,
                 from include/NextionBridge.h:19,
                 from src/NextionBridge.cpp:1:
include/HmiConfig.h: In function 'constexpr const hmi::TelemetryBinding* 
hmi::findBinding(const char*)':
include/HmiConfig.h:243:1: error: body of 'constexpr' function 'constexpr 
const hmi::TelemetryBinding* hmi::findBinding(const char*)' not a 
return-statement
 }
 ^
*** [.pio\build\esp32dev\src\NextionDisplay.cpp.o] Error 1
*** [.pio\build\esp32dev\src\NextionController.cpp.o] Error 1
*** [.pio\build\esp32dev\src\NextionBridge.cpp.o] Error 1
In file included from include/TensDriver.h:12,
                 from src/TensDriver.cpp:1:
include/HmiConfig.h: In function 'constexpr const hmi::TelemetryBinding* 
hmi::findBinding(const char*)':
include/HmiConfig.h:243:1: error: body of 'constexpr' function 'constexpr 
const hmi::TelemetryBinding* hmi::findBinding(const char*)' not a 
return-statement
 }
 ^
src/TensDriver.cpp: In member function 'void TensDriver::begin()':
src/TensDriver.cpp:6:11: error: 'cfg' has not been declared
   pinMode(cfg::CS_CALF,      OUTPUT);
           ^~~
src/TensDriver.cpp:7:11: error: 'cfg' has not been declared
   pinMode(cfg::CS_ANTTIB,    OUTPUT);
           ^~~
src/TensDriver.cpp:8:11: error: 'cfg' has not been declared
   pinMode(cfg::CS_HAMSTRING, OUTPUT);
           ^~~
src/TensDriver.cpp:9:11: error: 'cfg' has not been declared
   pinMode(cfg::CS_QUAD,      OUTPUT);
           ^~~
src/TensDriver.cpp:10:11: error: 'cfg' has not been declared
   pinMode(cfg::LED_ESTOP,    OUTPUT);
           ^~~
src/TensDriver.cpp:12:16: error: 'cfg' has not been declared
   digitalWrite(cfg::LED_ESTOP, LOW);
                ^~~
src/TensDriver.cpp: In member function 'void TensDriver::zeroAllOutputs()':
src/TensDriver.cpp:16:15: error: 'cfg' has not been declared
   analogWrite(cfg::CS_CALF,      0);
               ^~~
src/TensDriver.cpp:17:15: error: 'cfg' has not been declared
   analogWrite(cfg::CS_ANTTIB,    0);
               ^~~
src/TensDriver.cpp:18:15: error: 'cfg' has not been declared
   analogWrite(cfg::CS_HAMSTRING, 0);
               ^~~
src/TensDriver.cpp:19:15: error: 'cfg' has not been declared
   analogWrite(cfg::CS_QUAD,      0);
               ^~~
src/TensDriver.cpp: In member function 'void TensDriver::apply(const 
TensAmplitudes&)':
src/TensDriver.cpp:28:15: error: 'cfg' has not been declared
   analogWrite(cfg::CS_CALF,      constrain(a.calfAmp,      0, 255));
               ^~~
src/TensDriver.cpp:29:15: error: 'cfg' has not been declared
   analogWrite(cfg::CS_ANTTIB,    constrain(a.antTibAmp,    0, 255));
               ^~~
src/TensDriver.cpp:30:15: error: 'cfg' has not been declared
   analogWrite(cfg::CS_HAMSTRING, constrain(a.hamstringAmp, 0, 255));
               ^~~
src/TensDriver.cpp:31:15: error: 'cfg' has not been declared
   analogWrite(cfg::CS_QUAD,      constrain(a.quadAmp,      0, 255));
               ^~~
src/TensDriver.cpp: In member function 'void 
TensDriver::setEstopIndicator(bool)':
src/TensDriver.cpp:35:16: error: 'cfg' has not been declared
   digitalWrite(cfg::LED_ESTOP, on ? HIGH : LOW);
                ^~~
*** [.pio\build\esp32dev\src\TensDriver.cpp.o] Error 1
========================== [FAILED] Took 9.48 seconds 
==========================
